NUMBER fwhm_nm = 300.0 nm
NUMBER fwhm_masullo_nm = 360.0 nm
NUMBER lg_ring_diameter_nm = 360.33672263593496 nm
NUMBER crb_center_lg_L50_N100_nm = 1.6050955712820285 nm
NUMBER crb_center_lg_L50_N100_closed_nm = 1.6050955676488428 nm
NUMBER crb_center_point_S27_L50_N100_nm = 1.8024719062965908 nm
NUMBER limit_to_point_ratio_L5 = 0.8943884373303029 
NUMBER limit_to_point_ratio_L50 = 0.8904968571447623 
NUMBER limit_to_point_ratio_L100 = 0.8780494058418923 
NUMBER limit_to_point_ratio_L150 = 0.8552671573299861 
NUMBER limit_to_point_ratio_quadratic = 0.8944271909999159 
NUMBER limit_to_point_ratio_quadratic_numeric = 0.8944271930298965 
NUMBER crb_exponent_L = 1.0043477933205587 
NUMBER crb_exponent_N = -0.49999999999999983 
NUMBER crb_limit_axis_par_L100_N100_quadratic_nm = 2.7386127875258306 nm
NUMBER crb_limit_axis_perp_L100_N100_quadratic_nm = 3.5355339059327378 nm
NUMBER crb_limit_axis_par_L50_N100_nm = 1.3797675853503208 nm
NUMBER crb_limit_axis_perp_L50_N100_nm = 1.8024719062965908 nm
NUMBER crb_limit_axis_ratio_quadratic = 0.7745966692414834 
NUMBER crb_center_sbr10_L50_N100_nm = 1.9600587058960406 nm
NUMBER crb_center_sbr10_limit_L50_N100_nm = 1.9600587033709 nm
NUMBER photons_for_5nm_L50_sbrinf = 12.995619891953863 photons
NUMBER photons_for_5nm_L50_sbr50 = 13.454365274139835 photons
NUMBER photons_for_5nm_L50_sbr20 = 14.157103419797238 photons
NUMBER photons_for_5nm_L50_sbr10 = 15.367320522235445 photons
NUMBER photons_for_5nm_L50_sbr5 = 17.933955450896335 photons
NUMBER photons_for_5nm_L50_limit_nobg = 10.305327171796726 photons
NUMBER crb_center_sbr5_N500_fwhm360_L50_nm = 0.9412947338052162 nm
NUMBER crb_center_sbr5_N500_fwhm360_L100_nm = 1.962372253026145 nm
NUMBER crb_center_sbr5_N500_fwhm360_L150_nm = 3.1672693698498424 nm
NUMBER crb_center_sbr5_N500_fwhm300_L50_nm = 0.9469412719618978 nm
NUMBER crb_center_sbr5_N500_fwhm300_L100_nm = 2.012405711557181 nm
NUMBER crb_center_sbr5_N500_fwhm300_L150_nm = 3.3701243995767287 nm
NUMBER crb_1d_quadratic_L50_N100_nm = 1.25 nm
NUMBER crb_center_multiphoton_c1_L100_N100_quadratic_nm = 3.5355339059327373 nm
NUMBER crb_center_multiphoton_c2_L100_N100_quadratic_nm = 1.7677669529663687 nm
NUMBER crb_center_multiphoton_c3_L100_N100_quadratic_nm = 1.1785113019775793 nm
# crb 0.0 s
NUMBER camera_sigma_nm = 3.1622776601683795 nm
NUMBER camera_ideal_N400_nm = 5.0 nm
NUMBER camera_pixelated_9x9_N400_nm = 5.204549139040088 nm
NUMBER camera_pixelated_9x9_N1000_nm = 3.291645894727008 nm
NUMBER camera_perpixel_sbr500_N600_nm = 4.9641788449868836 nm
NUMBER camera_photons_for_5nm_perpixel_sbr500 = 591.4337185203674 photons
NUMBER camera_total_sbr500_N600_nm = 4.267724013497882 nm
NUMBER camera_photons_for_5nm_total_sbr500 = 437.12323812927536 photons
NUMBER camera_sbr_perpixel_to_total = 6.172839506172839 
# camera 0.3 s
NUMBER crb_eps_degradation_L50_eps0p002_constant = 1.04542852011131 
NUMBER crb_eps_degradation_L50_eps0p002_gaussian = 1.0454699330900192 
NUMBER crb_eps_degradation_L50_eps0p01_constant = 1.2268139676204266 
NUMBER crb_eps_degradation_L50_eps0p01_gaussian = 1.2277033606831182 
NUMBER crb_eps_degradation_L50_eps0p05_constant = 2.130041431919036 
NUMBER crb_eps_degradation_L50_eps0p05_gaussian = 2.1517715746905295 
NUMBER crb_eps_degradation_L50_eps0p15_constant = 4.38167594644918 
NUMBER crb_eps_degradation_L50_eps0p15_gaussian = 4.583503927613071 
NUMBER crb_eps_degradation_L100_eps0p002_constant = 1.0120363390812213 
NUMBER crb_eps_degradation_L100_eps0p002_gaussian = 1.0120782856885184 
NUMBER crb_eps_degradation_L100_eps0p01_constant = 1.0601541323669794 
NUMBER crb_eps_degradation_L100_eps0p01_gaussian = 1.06055696925795 
NUMBER crb_eps_degradation_L100_eps0p05_constant = 1.3002344321807762 
NUMBER crb_eps_degradation_L100_eps0p05_gaussian = 1.3071530096812696 
NUMBER crb_eps_degradation_L100_eps0p15_constant = 1.8984588911916318 
NUMBER crb_eps_degradation_L100_eps0p15_gaussian = 1.9580233148320798 
NUMBER L_opt_eps0p002_nm = 10.484412357992904 nm
NUMBER crb_opt_eps0p002_nm = 0.745815349969247 nm
NUMBER L_opt_over_fwhm_sqrt_eps_eps0p002 = 0.7814619578870331 
NUMBER L_opt_eps0p01_nm = 23.280315521660803 nm
NUMBER crb_opt_eps0p01_nm = 1.6786740447081847 nm
NUMBER L_opt_over_fwhm_sqrt_eps_eps0p01 = 0.7760105173886934 
NUMBER L_opt_eps0p05_nm = 50.336650731671014 nm
NUMBER crb_opt_eps0p05_nm = 3.878413877135987 nm
NUMBER L_opt_over_fwhm_sqrt_eps_eps0p05 = 0.7503744853045394 
NUMBER L_opt_eps0p15_nm = 80.80970073749592 nm
NUMBER crb_opt_eps0p15_nm = 7.28668178071284 nm
NUMBER L_opt_over_fwhm_sqrt_eps_eps0p15 = 0.6954991670407265 
NUMBER zero_depth_transition_scale_nm = 4.887044407823295 nm
NUMBER eps0_crb_divergence_L_nm = 360.33672263593496 nm
# eps 1.0 s
NUMBER iterative_sigma_nm = 0.507739266193721 +- 0.00268 nm
NUMBER iterative_ratio_to_camera_N1000 = 0.160561253867469 +- 0.000848 
NUMBER iterative_sigma_N250_nm = 1.15802458899663 +- 0.0137 nm
NUMBER iterative_sigma_N500_nm = 0.7358984629906175 +- 0.00417 nm
NUMBER iterative_sigma_N1000_nm = 0.507739266193721 +- 0.00268 nm
NUMBER iterative_sigma_N2000_nm = 0.35440018821417946 +- 0.00193 nm
NUMBER iterative_sigma_N4000_nm = 0.24952128221278316 +- 0.00132 nm
NUMBER iterative_sigma_N8000_nm = 0.17627377253391108 +- 0.00095 nm
NUMBER iterative_slope_all = -0.5365320215232086 +- 0.00287 
NUMBER iterative_slope_all_ci95_lo = -0.5423538157129608 
NUMBER iterative_slope_all_ci95_hi = -0.5312136414547969 
NUMBER iterative_slope_N_ge_500 = -0.5148302737955811 +- 0.00254 
NUMBER iterative_slope_N_ge_500_ci95_lo = -0.5195801016871089 
NUMBER iterative_slope_N_ge_500_ci95_hi = -0.5096328822156363 
NUMBER iterative_ratio_min = 0.1576640552144642 
NUMBER iterative_ratio_max = 0.1830997643854856 
NUMBER iterative_sbr10_sigma_nm = 0.6164818957983189 +- 0.00327 nm
NUMBER iterative_adaptive_sigma_nm = 0.47954956650539093 +- 0.00271 nm
NUMBER iterative_no_recenter_sigma_nm_ARTEFACT = 8.144742302880484 +- 0.045 nm
NUMBER iterative_crb_all_photons_L25_N1000_nm = 0.2509361567541259 nm
# iterative 1.0 s
NUMBER mle_sigma_center_sbr10_nm = 1.9428675785187703 +- 0.0101 nm
NUMBER mle_efficiency_center = 0.9912292806217669 +- 0.00513 
NUMBER mle_nobg_sigma_center_nm = 1.3478067006827772 +- 0.00666 nm
NUMBER mle_nobg_sigma_over_crb_limit_center = 0.8397049526504217 +- 0.00415 
NUMBER mle_nobg_sigma_over_s27_center = 0.7477546229566587 +- 0.00369 
NUMBER mle_nobg_bias_x_r2_nm = -0.34445140228271487 +- 0.0077 nm
NUMBER mle_sbr10_sigma_over_crb_x15_N100 = 1.5116262832636163 +- 0.0292 
NUMBER mle_sbr10_sigma_over_crb_x15_N1000 = 1.0042031326322736 +- 0.00568 
NUMBER lms_nobg_sigma_over_s27_center = 0.9999785960805649 +- 0.00486 
NUMBER lms_nobg_sigma_over_crb_limit_center = 1.1229445514533927 +- 0.00545 
# estimators 49.9 s
NUMBER adaptive_frac_outside_next_radius = 0.0265 +- 0.00161 
NUMBER adaptive_iter0_sigma_nm = 4.263509911967216 +- 0.0269 nm
NUMBER adaptive_iter0_crb_center_nm = 3.469949720587243 nm
# adaptive 55.0 s
NUMBER vectorial_zero_depth_correct = 0.0 
NUMBER vectorial_zero_depth_wrong_handedness = 0.8452409316543332 
NUMBER vectorial_zero_depth_linear = 0.37164824493965715 
NUMBER vectorial_peak_to_peak_diameter_nm = 384.66623588354236 nm
NUMBER vectorial_zero_curvature_nm2 = 7.042221230445732e-05 nm^-2
NUMBER vectorial_lg_fwhm_curvature_nm = 327.1411191076221 nm
NUMBER vectorial_lg_fwhm_diameter_nm = 320.25564844151785 nm
NUMBER crb_center_vec_correct_L50_N100_nm = 1.600414754550864 nm
NUMBER crb_center_vec_opposite_L50_N100_nm = 147.88600722506212 nm
NUMBER crb_center_vec_linear_L50_N100_nm = 60.77420112870313 nm
NUMBER crb_center_lg300_L50_N100_nm = 1.6050955712820285 nm
NUMBER crb_center_lgcurv_L50_N100_nm = 1.6012359544414494 nm
NUMBER crb_vec_over_lgcurv_L50_N100 = 0.9994871462333158 
NUMBER crb_vec_over_lg300_L50_N100 = 0.9970837769320952 
NUMBER crb_center_vec_correct_L100_N100_nm = 3.3232386650742742 nm
NUMBER crb_center_vec_opposite_L100_N100_nm = 89.58836687703429 nm
NUMBER crb_center_vec_linear_L100_N100_nm = 38.06131070805538 nm
NUMBER crb_center_lg300_L100_N100_nm = 3.363411105379956 nm
NUMBER crb_center_lgcurv_L100_N100_nm = 3.3296434944519775 nm
NUMBER crb_vec_over_lgcurv_L100_N100 = 0.9980764218786861 
NUMBER crb_vec_over_lg300_L100_N100 = 0.9880560422003055 
NUMBER crb_center_vec_correct_L150_N100_nm = 5.3310411221245735 nm
NUMBER crb_center_vec_opposite_L150_N100_nm = 84.1967269259482 nm
NUMBER crb_center_vec_linear_L150_N100_nm = 35.72298430646498 nm
NUMBER crb_center_lg300_L150_N100_nm = 5.486472241660276 nm
NUMBER crb_center_lgcurv_L150_N100_nm = 5.351442244023537 nm
NUMBER crb_vec_over_lgcurv_L150_N100 = 0.9961877338914108 
NUMBER crb_vec_over_lg300_L150_N100 = 0.9716701164811385 
# vectorial 70.0 s
regenerated 137 keys; diffs 0
