== 1. cross-talk tau=5
[9.18e-01 7.54e-02 6.20e-03 5.00e-04]
MC [9.18e-01 7.54e-02 6.10e-03 5.00e-04]
col sums [1. 1. 1. 1.] row sums [1. 1. 1. 1.]
disk pts 1257
CRB ideal disco medio 63.5706, centro punto 38.3055, centro r=1e-3 dirs: [33.634, 33.634, 33.634]
== 2. CRB ratios
(0, 1, 2, 3) [(np.float64(1.0), np.float64(1.0), np.float64(1.0)), (np.float64(1.0059), np.float64(1.0056), np.float64(1.0019)), (np.float64(1.0394), np.float64(1.0384), np.float64(1.0159)), (np.float64(1.1039), np.float64(1.1021), np.float64(1.0469)), (np.float64(1.1909), np.float64(1.1882), np.float64(1.0928))]
(0, 2, 1, 3) [(np.float64(1.0), np.float64(1.0), np.float64(1.0)), (np.float64(1.0059), np.float64(1.0056), np.float64(1.0019)), (np.float64(1.0394), np.float64(1.0384), np.float64(1.0159)), (np.float64(1.1039), np.float64(1.1021), np.float64(1.0469)), (np.float64(1.1909), np.float64(1.1882), np.float64(1.0928))]
(3, 0, 1, 2) [(np.float64(1.0), np.float64(1.0), np.float64(1.0)), (np.float64(1.0059), np.float64(1.0056), np.float64(1.0019)), (np.float64(1.0394), np.float64(1.0384), np.float64(1.0159)), (np.float64(1.1039), np.float64(1.1021), np.float64(1.0469)), (np.float64(1.1909), np.float64(1.1882), np.float64(1.0928))]
(1, 0, 3, 2) [(np.float64(1.0), np.float64(1.0), np.float64(1.0)), (np.float64(1.0058), np.float64(1.0056), np.float64(1.0019)), (np.float64(1.0393), np.float64(1.0384), np.float64(1.0159)), (np.float64(1.1038), np.float64(1.102), np.float64(1.0469)), (np.float64(1.1908), np.float64(1.1882), np.float64(1.0928))]
== 3. sesgo MLE ingenuo
tau 3 (0, 1, 2, 3) max|b| 3.410 at x=0  (max|bx| 2.475) ; withM max 0.00e+00
tau 3 (0, 2, 1, 3) max|b| 3.410 at x=0  (max|bx| 2.579) ; withM max 0.00e+00
tau 5 (0, 1, 2, 3) max|b| 8.448 at x=0  (max|bx| 6.029) ; withM max 0.00e+00
tau 5 (0, 2, 1, 3) max|b| 12.993 at x=49  (max|bx| 12.547) ; withM max 0.00e+00
p centro [0.33333333 0.33333333 0.33333333 0.        ]
flicker seq1 n_ok 1951 sigma_fl pop 16.291 nm (std-based 16.273)
flicker seq5 n_ok 1967 sigma_fl pop 6.481 nm (std-based 6.479)
flicker seq25 n_ok 1975 sigma_fl pop 2.148 nm (std-based 2.147)
flicker int n_ok 1976 sigma_fl pop 0.014 nm (std-based 0.014)
== 5. N=100
seq1 STD 16.441 ctrl 2.735 sqrt(STD^2-ctrl^2) 16.212  vs pop sigma_fl 16.291  pred STD 16.519
seq5 STD 6.995 ctrl 2.688 sqrt(STD^2-ctrl^2) 6.458  vs pop sigma_fl 6.481  pred STD 7.016
int STD 2.743 ctrl 2.638 sqrt(STD^2-ctrl^2) 0.753  vs pop sigma_fl 0.014  pred STD 2.638
